                                      1 ;--------------------------------------------------------
                                      2 ; File Created by SDCC : free open source ISO C Compiler
                                      3 ; Version 4.5.0 #15242 (MINGW64)
                                      4 ;--------------------------------------------------------
                                      5 	.module preemptive
                                      6 	
                                      7 	.optsdcc -mmcs51 --model-small
                                      8 ;--------------------------------------------------------
                                      9 ; Public variables in this module
                                     10 ;--------------------------------------------------------
                                     11 	.globl _myTimer0Handler
                                     12 	.globl _Bootstrap
                                     13 	.globl _main
                                     14 	.globl _CY
                                     15 	.globl _AC
                                     16 	.globl _F0
                                     17 	.globl _RS1
                                     18 	.globl _RS0
                                     19 	.globl _OV
                                     20 	.globl _F1
                                     21 	.globl _P
                                     22 	.globl _PS
                                     23 	.globl _PT1
                                     24 	.globl _PX1
                                     25 	.globl _PT0
                                     26 	.globl _PX0
                                     27 	.globl _RD
                                     28 	.globl _WR
                                     29 	.globl _T1
                                     30 	.globl _T0
                                     31 	.globl _INT1
                                     32 	.globl _INT0
                                     33 	.globl _TXD
                                     34 	.globl _RXD
                                     35 	.globl _P3_7
                                     36 	.globl _P3_6
                                     37 	.globl _P3_5
                                     38 	.globl _P3_4
                                     39 	.globl _P3_3
                                     40 	.globl _P3_2
                                     41 	.globl _P3_1
                                     42 	.globl _P3_0
                                     43 	.globl _EA
                                     44 	.globl _ES
                                     45 	.globl _ET1
                                     46 	.globl _EX1
                                     47 	.globl _ET0
                                     48 	.globl _EX0
                                     49 	.globl _P2_7
                                     50 	.globl _P2_6
                                     51 	.globl _P2_5
                                     52 	.globl _P2_4
                                     53 	.globl _P2_3
                                     54 	.globl _P2_2
                                     55 	.globl _P2_1
                                     56 	.globl _P2_0
                                     57 	.globl _SM0
                                     58 	.globl _SM1
                                     59 	.globl _SM2
                                     60 	.globl _REN
                                     61 	.globl _TB8
                                     62 	.globl _RB8
                                     63 	.globl _TI
                                     64 	.globl _RI
                                     65 	.globl _P1_7
                                     66 	.globl _P1_6
                                     67 	.globl _P1_5
                                     68 	.globl _P1_4
                                     69 	.globl _P1_3
                                     70 	.globl _P1_2
                                     71 	.globl _P1_1
                                     72 	.globl _P1_0
                                     73 	.globl _TF1
                                     74 	.globl _TR1
                                     75 	.globl _TF0
                                     76 	.globl _TR0
                                     77 	.globl _IE1
                                     78 	.globl _IT1
                                     79 	.globl _IE0
                                     80 	.globl _IT0
                                     81 	.globl _P0_7
                                     82 	.globl _P0_6
                                     83 	.globl _P0_5
                                     84 	.globl _P0_4
                                     85 	.globl _P0_3
                                     86 	.globl _P0_2
                                     87 	.globl _P0_1
                                     88 	.globl _P0_0
                                     89 	.globl _B
                                     90 	.globl _ACC
                                     91 	.globl _PSW
                                     92 	.globl _IP
                                     93 	.globl _P3
                                     94 	.globl _IE
                                     95 	.globl _P2
                                     96 	.globl _SBUF
                                     97 	.globl _SCON
                                     98 	.globl _P1
                                     99 	.globl _TH1
                                    100 	.globl _TH0
                                    101 	.globl _TL1
                                    102 	.globl _TL0
                                    103 	.globl _TMOD
                                    104 	.globl _TCON
                                    105 	.globl _PCON
                                    106 	.globl _DPH
                                    107 	.globl _DPL
                                    108 	.globl _SP
                                    109 	.globl _P0
                                    110 	.globl _reload_time
                                    111 	.globl _old_SP
                                    112 	.globl _new_thread
                                    113 	.globl _valid_thread
                                    114 	.globl _current_thread
                                    115 	.globl _saved_SP
                                    116 	.globl _ThreadCreate
                                    117 	.globl _ThreadYield
                                    118 	.globl _ThreadExit
                                    119 ;--------------------------------------------------------
                                    120 ; special function registers
                                    121 ;--------------------------------------------------------
                                    122 	.area RSEG    (ABS,DATA)
      000000                        123 	.org 0x0000
                           000080   124 _P0	=	0x0080
                           000081   125 _SP	=	0x0081
                           000082   126 _DPL	=	0x0082
                           000083   127 _DPH	=	0x0083
                           000087   128 _PCON	=	0x0087
                           000088   129 _TCON	=	0x0088
                           000089   130 _TMOD	=	0x0089
                           00008A   131 _TL0	=	0x008a
                           00008B   132 _TL1	=	0x008b
                           00008C   133 _TH0	=	0x008c
                           00008D   134 _TH1	=	0x008d
                           000090   135 _P1	=	0x0090
                           000098   136 _SCON	=	0x0098
                           000099   137 _SBUF	=	0x0099
                           0000A0   138 _P2	=	0x00a0
                           0000A8   139 _IE	=	0x00a8
                           0000B0   140 _P3	=	0x00b0
                           0000B8   141 _IP	=	0x00b8
                           0000D0   142 _PSW	=	0x00d0
                           0000E0   143 _ACC	=	0x00e0
                           0000F0   144 _B	=	0x00f0
                                    145 ;--------------------------------------------------------
                                    146 ; special function bits
                                    147 ;--------------------------------------------------------
                                    148 	.area RSEG    (ABS,DATA)
      000000                        149 	.org 0x0000
                           000080   150 _P0_0	=	0x0080
                           000081   151 _P0_1	=	0x0081
                           000082   152 _P0_2	=	0x0082
                           000083   153 _P0_3	=	0x0083
                           000084   154 _P0_4	=	0x0084
                           000085   155 _P0_5	=	0x0085
                           000086   156 _P0_6	=	0x0086
                           000087   157 _P0_7	=	0x0087
                           000088   158 _IT0	=	0x0088
                           000089   159 _IE0	=	0x0089
                           00008A   160 _IT1	=	0x008a
                           00008B   161 _IE1	=	0x008b
                           00008C   162 _TR0	=	0x008c
                           00008D   163 _TF0	=	0x008d
                           00008E   164 _TR1	=	0x008e
                           00008F   165 _TF1	=	0x008f
                           000090   166 _P1_0	=	0x0090
                           000091   167 _P1_1	=	0x0091
                           000092   168 _P1_2	=	0x0092
                           000093   169 _P1_3	=	0x0093
                           000094   170 _P1_4	=	0x0094
                           000095   171 _P1_5	=	0x0095
                           000096   172 _P1_6	=	0x0096
                           000097   173 _P1_7	=	0x0097
                           000098   174 _RI	=	0x0098
                           000099   175 _TI	=	0x0099
                           00009A   176 _RB8	=	0x009a
                           00009B   177 _TB8	=	0x009b
                           00009C   178 _REN	=	0x009c
                           00009D   179 _SM2	=	0x009d
                           00009E   180 _SM1	=	0x009e
                           00009F   181 _SM0	=	0x009f
                           0000A0   182 _P2_0	=	0x00a0
                           0000A1   183 _P2_1	=	0x00a1
                           0000A2   184 _P2_2	=	0x00a2
                           0000A3   185 _P2_3	=	0x00a3
                           0000A4   186 _P2_4	=	0x00a4
                           0000A5   187 _P2_5	=	0x00a5
                           0000A6   188 _P2_6	=	0x00a6
                           0000A7   189 _P2_7	=	0x00a7
                           0000A8   190 _EX0	=	0x00a8
                           0000A9   191 _ET0	=	0x00a9
                           0000AA   192 _EX1	=	0x00aa
                           0000AB   193 _ET1	=	0x00ab
                           0000AC   194 _ES	=	0x00ac
                           0000AF   195 _EA	=	0x00af
                           0000B0   196 _P3_0	=	0x00b0
                           0000B1   197 _P3_1	=	0x00b1
                           0000B2   198 _P3_2	=	0x00b2
                           0000B3   199 _P3_3	=	0x00b3
                           0000B4   200 _P3_4	=	0x00b4
                           0000B5   201 _P3_5	=	0x00b5
                           0000B6   202 _P3_6	=	0x00b6
                           0000B7   203 _P3_7	=	0x00b7
                           0000B0   204 _RXD	=	0x00b0
                           0000B1   205 _TXD	=	0x00b1
                           0000B2   206 _INT0	=	0x00b2
                           0000B3   207 _INT1	=	0x00b3
                           0000B4   208 _T0	=	0x00b4
                           0000B5   209 _T1	=	0x00b5
                           0000B6   210 _WR	=	0x00b6
                           0000B7   211 _RD	=	0x00b7
                           0000B8   212 _PX0	=	0x00b8
                           0000B9   213 _PT0	=	0x00b9
                           0000BA   214 _PX1	=	0x00ba
                           0000BB   215 _PT1	=	0x00bb
                           0000BC   216 _PS	=	0x00bc
                           0000D0   217 _P	=	0x00d0
                           0000D1   218 _F1	=	0x00d1
                           0000D2   219 _OV	=	0x00d2
                           0000D3   220 _RS0	=	0x00d3
                           0000D4   221 _RS1	=	0x00d4
                           0000D5   222 _F0	=	0x00d5
                           0000D6   223 _AC	=	0x00d6
                           0000D7   224 _CY	=	0x00d7
                                    225 ;--------------------------------------------------------
                                    226 ; overlayable register banks
                                    227 ;--------------------------------------------------------
                                    228 	.area REG_BANK_0	(REL,OVR,DATA)
      000000                        229 	.ds 8
                                    230 ;--------------------------------------------------------
                                    231 ; internal ram data
                                    232 ;--------------------------------------------------------
                                    233 	.area DSEG    (DATA)
                           000030   234 _saved_SP	=	0x0030
                           000034   235 _current_thread	=	0x0034
                           000035   236 _valid_thread	=	0x0035
                           000036   237 _new_thread	=	0x0036
                           000037   238 _old_SP	=	0x0037
                           000038   239 _reload_time	=	0x0038
                                    240 ;--------------------------------------------------------
                                    241 ; overlayable items in internal ram
                                    242 ;--------------------------------------------------------
                                    243 	.area	OSEG    (OVR,DATA)
                                    244 ;--------------------------------------------------------
                                    245 ; indirectly addressable internal ram data
                                    246 ;--------------------------------------------------------
                                    247 	.area ISEG    (DATA)
                                    248 ;--------------------------------------------------------
                                    249 ; absolute internal ram data
                                    250 ;--------------------------------------------------------
                                    251 	.area IABS    (ABS,DATA)
                                    252 	.area IABS    (ABS,DATA)
                                    253 ;--------------------------------------------------------
                                    254 ; bit data
                                    255 ;--------------------------------------------------------
                                    256 	.area BSEG    (BIT)
      000000                        257 _ThreadExit_sloc0_1_0:
      000000                        258 	.ds 1
                                    259 ;--------------------------------------------------------
                                    260 ; paged external ram data
                                    261 ;--------------------------------------------------------
                                    262 	.area PSEG    (PAG,XDATA)
                                    263 ;--------------------------------------------------------
                                    264 ; uninitialized external ram data
                                    265 ;--------------------------------------------------------
                                    266 	.area XSEG    (XDATA)
                                    267 ;--------------------------------------------------------
                                    268 ; absolute external ram data
                                    269 ;--------------------------------------------------------
                                    270 	.area XABS    (ABS,XDATA)
                                    271 ;--------------------------------------------------------
                                    272 ; initialized external ram data
                                    273 ;--------------------------------------------------------
                                    274 	.area XISEG   (XDATA)
                                    275 	.area HOME    (CODE)
                                    276 	.area GSINIT0 (CODE)
                                    277 	.area GSINIT1 (CODE)
                                    278 	.area GSINIT2 (CODE)
                                    279 	.area GSINIT3 (CODE)
                                    280 	.area GSINIT4 (CODE)
                                    281 	.area GSINIT5 (CODE)
                                    282 	.area GSINIT  (CODE)
                                    283 	.area GSFINAL (CODE)
                                    284 	.area CSEG    (CODE)
                                    285 ;--------------------------------------------------------
                                    286 ; global & static initialisations
                                    287 ;--------------------------------------------------------
                                    288 	.area HOME    (CODE)
                                    289 	.area GSINIT  (CODE)
                                    290 	.area GSFINAL (CODE)
                                    291 	.area GSINIT  (CODE)
                                    292 ;--------------------------------------------------------
                                    293 ; Home
                                    294 ;--------------------------------------------------------
                                    295 	.area HOME    (CODE)
                                    296 	.area HOME    (CODE)
                                    297 ;--------------------------------------------------------
                                    298 ; code
                                    299 ;--------------------------------------------------------
                                    300 	.area CSEG    (CODE)
                                    301 ;------------------------------------------------------------
                                    302 ;Allocation info for local variables in function 'Bootstrap'
                                    303 ;------------------------------------------------------------
                                    304 ;	preemptive.c:37: void Bootstrap(void) 
                                    305 ;	-----------------------------------------
                                    306 ;	 function Bootstrap
                                    307 ;	-----------------------------------------
      000000                        308 _Bootstrap:
                           000007   309 	ar7 = 0x07
                           000006   310 	ar6 = 0x06
                           000005   311 	ar5 = 0x05
                           000004   312 	ar4 = 0x04
                           000003   313 	ar3 = 0x03
                           000002   314 	ar2 = 0x02
                           000001   315 	ar1 = 0x01
                           000000   316 	ar0 = 0x00
                                    317 ;	preemptive.c:39: TMOD = 0;  		// timer 0 mode 0
      000000 75 89 00         [24]  318 	mov	_TMOD,#0x00
                                    319 ;	preemptive.c:40: IE = 0x82;  	// enable timer 0 interrupt; keep consumer polling
      000003 75 A8 82         [24]  320 	mov	_IE,#0x82
                                    321 ;	preemptive.c:42: TR0 = 1; 		// set bit TR0 to start running timer 0
                                    322 ;	assignBit
      000006 D2 8C            [12]  323 	setb	_TR0
                                    324 ;	preemptive.c:44: valid_thread = 0x00;
      000008 75 35 00         [24]  325 	mov	_valid_thread,#0x00
                                    326 ;	preemptive.c:46: current_thread = ThreadCreate(main);
      00000B 90r00r00         [24]  327 	mov	dptr,#_main
      00000E 12r00r26         [24]  328 	lcall	_ThreadCreate
      000011 85 82 34         [24]  329 	mov	_current_thread,dpl
                                    330 ;	preemptive.c:47: RESTORESTATE;
      000014 E5 34            [12]  331 	mov	a,_current_thread
      000016 24 30            [12]  332 	add	a, #_saved_SP
      000018 F9               [12]  333 	mov	r1,a
      000019 87 81            [24]  334 	mov	_SP,@r1
      00001B D0 D0            [24]  335 	POP PSW 
      00001D D0 83            [24]  336 	POP DPH 
      00001F D0 82            [24]  337 	POP DPL 
      000021 D0 F0            [24]  338 	POP B 
      000023 D0 E0            [24]  339 	POP ACC 
                                    340 ;	preemptive.c:48: }
      000025 22               [24]  341 	ret
                                    342 ;------------------------------------------------------------
                                    343 ;Allocation info for local variables in function 'ThreadCreate'
                                    344 ;------------------------------------------------------------
                                    345 ;fp            Allocated to registers 
                                    346 ;i             Allocated to registers r7 
                                    347 ;------------------------------------------------------------
                                    348 ;	preemptive.c:50: ThreadID ThreadCreate(FunctionPtr fp)
                                    349 ;	-----------------------------------------
                                    350 ;	 function ThreadCreate
                                    351 ;	-----------------------------------------
      000026                        352 _ThreadCreate:
                                    353 ;	preemptive.c:52: EA = 0;
                                    354 ;	assignBit
      000026 C2 AF            [12]  355 	clr	_EA
                                    356 ;	preemptive.c:53: if (valid_thread == 0xF) return -1;
      000028 74 0F            [12]  357 	mov	a,#0x0f
      00002A B5 35 04         [24]  358 	cjne	a,_valid_thread,00102$
      00002D 75 82 FF         [24]  359 	mov	dpl, #0xff
      000030 22               [24]  360 	ret
      000031                        361 00102$:
                                    362 ;	preemptive.c:55: new_thread = 3;
      000031 75 36 03         [24]  363 	mov	_new_thread,#0x03
                                    364 ;	preemptive.c:56: for (int i = 0; i < MAXTHREADS; i++) {
      000034 7F 00            [12]  365 	mov	r7,#0x00
      000036 7E 00            [12]  366 	mov	r6,#0x00
      000038                        367 00107$:
      000038 BE 04 00         [24]  368 	cjne	r6,#0x04,00137$
      00003B                        369 00137$:
      00003B 50 2A            [24]  370 	jnc	00105$
                                    371 ;	preemptive.c:57: if (!(valid_thread & (1 << i))) {
      00003D 8E F0            [24]  372 	mov	b,r6
      00003F 05 F0            [12]  373 	inc	b
      000041 7C 01            [12]  374 	mov	r4,#0x01
      000043 7D 00            [12]  375 	mov	r5,#0x00
      000045 80 06            [24]  376 	sjmp	00140$
      000047                        377 00139$:
      000047 EC               [12]  378 	mov	a,r4
      000048 2C               [12]  379 	add	a,r4
      000049 FC               [12]  380 	mov	r4,a
      00004A ED               [12]  381 	mov	a,r5
      00004B 33               [12]  382 	rlc	a
      00004C FD               [12]  383 	mov	r5,a
      00004D                        384 00140$:
      00004D D5 F0 F7         [24]  385 	djnz	b,00139$
      000050 AA 35            [24]  386 	mov	r2,_valid_thread
      000052 7B 00            [12]  387 	mov	r3,#0x00
      000054 EA               [12]  388 	mov	a,r2
      000055 52 04            [12]  389 	anl	ar4,a
      000057 EB               [12]  390 	mov	a,r3
      000058 52 05            [12]  391 	anl	ar5,a
      00005A EC               [12]  392 	mov	a,r4
      00005B 4D               [12]  393 	orl	a,r5
      00005C 70 04            [24]  394 	jnz	00108$
                                    395 ;	preemptive.c:58: new_thread = i;
      00005E 8F 36            [24]  396 	mov	_new_thread,r7
                                    397 ;	preemptive.c:59: break;
      000060 80 05            [24]  398 	sjmp	00105$
      000062                        399 00108$:
                                    400 ;	preemptive.c:56: for (int i = 0; i < MAXTHREADS; i++) {
      000062 0E               [12]  401 	inc	r6
      000063 8E 07            [24]  402 	mov	ar7,r6
      000065 80 D1            [24]  403 	sjmp	00107$
      000067                        404 00105$:
                                    405 ;	preemptive.c:63: valid_thread |= (1 << new_thread);
      000067 85 36 F0         [24]  406 	mov	b,_new_thread
      00006A 05 F0            [12]  407 	inc	b
      00006C 74 01            [12]  408 	mov	a,#0x01
      00006E 80 02            [24]  409 	sjmp	00143$
      000070                        410 00142$:
      000070 25 E0            [12]  411 	add	a,acc
      000072                        412 00143$:
      000072 D5 F0 FB         [24]  413 	djnz	b,00142$
      000075 42 35            [12]  414 	orl	_valid_thread,a
                                    415 ;	preemptive.c:65: old_SP = SP;
      000077 85 81 37         [24]  416 	mov	_old_SP,_SP
                                    417 ;	preemptive.c:66: SP = (0x3D) + (new_thread * 10);
      00007A E5 36            [12]  418 	mov	a,_new_thread
      00007C FF               [12]  419 	mov	r7,a
      00007D 75 F0 0A         [24]  420 	mov	b,#0x0a
      000080 A4               [48]  421 	mul	ab
      000081 24 3D            [12]  422 	add	a, #0x3d
      000083 F5 81            [12]  423 	mov	_SP,a
                                    424 ;	preemptive.c:76: __endasm;
      000085 C0 82            [24]  425 	PUSH	DPL
      000087 C0 83            [24]  426 	PUSH	DPH
      000089 E4               [12]  427 	CLR	A
      00008A C0 E0            [24]  428 	PUSH	ACC
      00008C C0 E0            [24]  429 	PUSH	ACC
      00008E C0 E0            [24]  430 	PUSH	ACC
      000090 C0 E0            [24]  431 	PUSH	ACC
                                    432 ;	preemptive.c:78: PSW = (new_thread << 3);
      000092 E5 36            [12]  433 	mov	a,_new_thread
      000094 C4               [12]  434 	swap	a
      000095 03               [12]  435 	rr	a
      000096 54 F8            [12]  436 	anl	a,#0xf8
      000098 F5 D0            [12]  437 	mov	_PSW,a
                                    438 ;	preemptive.c:82: __endasm;
      00009A C0 D0            [24]  439 	PUSH	PSW
                                    440 ;	preemptive.c:84: saved_SP[new_thread] = SP;
      00009C E5 36            [12]  441 	mov	a,_new_thread
      00009E 24 30            [12]  442 	add	a, #_saved_SP
      0000A0 F8               [12]  443 	mov	r0,a
      0000A1 A6 81            [24]  444 	mov	@r0,_SP
                                    445 ;	preemptive.c:85: SP = old_SP;
      0000A3 85 37 81         [24]  446 	mov	_SP,_old_SP
                                    447 ;	preemptive.c:87: EA = 1;
                                    448 ;	assignBit
      0000A6 D2 AF            [12]  449 	setb	_EA
                                    450 ;	preemptive.c:88: return new_thread;
      0000A8 85 36 82         [24]  451 	mov	dpl, _new_thread
                                    452 ;	preemptive.c:89: }
      0000AB 22               [24]  453 	ret
                                    454 ;------------------------------------------------------------
                                    455 ;Allocation info for local variables in function 'ThreadYield'
                                    456 ;------------------------------------------------------------
                                    457 ;	preemptive.c:91: void ThreadYield(void)
                                    458 ;	-----------------------------------------
                                    459 ;	 function ThreadYield
                                    460 ;	-----------------------------------------
      0000AC                        461 _ThreadYield:
                                    462 ;	preemptive.c:93: EA = 0;
                                    463 ;	assignBit
      0000AC C2 AF            [12]  464 	clr	_EA
                                    465 ;	preemptive.c:94: SAVESTATE;
      0000AE C0 E0            [24]  466 	PUSH ACC 
      0000B0 C0 F0            [24]  467 	PUSH B 
      0000B2 C0 82            [24]  468 	PUSH DPL 
      0000B4 C0 83            [24]  469 	PUSH DPH 
      0000B6 C0 D0            [24]  470 	PUSH PSW 
      0000B8 E5 34            [12]  471 	mov	a,_current_thread
      0000BA 24 30            [12]  472 	add	a, #_saved_SP
      0000BC F8               [12]  473 	mov	r0,a
      0000BD A6 81            [24]  474 	mov	@r0,_SP
                                    475 ;	preemptive.c:95: do {
      0000BF                        476 00110$:
                                    477 ;	preemptive.c:96: current_thread = (current_thread + 1) & 3;
      0000BF AF 34            [24]  478 	mov	r7,_current_thread
      0000C1 0F               [12]  479 	inc	r7
      0000C2 74 03            [12]  480 	mov	a,#0x03
      0000C4 5F               [12]  481 	anl	a,r7
      0000C5 F5 34            [12]  482 	mov	_current_thread,a
                                    483 ;	preemptive.c:98: if ((current_thread == 0 && (valid_thread & 0x01)) ||
      0000C7 E5 34            [12]  484 	mov	a,_current_thread
      0000C9 70 06            [24]  485 	jnz	00105$
      0000CB E5 35            [12]  486 	mov	a,_valid_thread
      0000CD FF               [12]  487 	mov	r7,a
      0000CE 20 E0 21         [24]  488 	jb	acc.0,00113$
      0000D1                        489 00105$:
                                    490 ;	preemptive.c:99: (current_thread == 1 && (valid_thread & 0x02)) ||
      0000D1 74 01            [12]  491 	mov	a,#0x01
      0000D3 B5 34 06         [24]  492 	cjne	a,_current_thread,00107$
      0000D6 E5 35            [12]  493 	mov	a,_valid_thread
      0000D8 FF               [12]  494 	mov	r7,a
      0000D9 20 E1 16         [24]  495 	jb	acc.1,00113$
      0000DC                        496 00107$:
                                    497 ;	preemptive.c:100: (current_thread == 2 && (valid_thread & 0x04)) ||
      0000DC 74 02            [12]  498 	mov	a,#0x02
      0000DE B5 34 06         [24]  499 	cjne	a,_current_thread,00109$
      0000E1 E5 35            [12]  500 	mov	a,_valid_thread
      0000E3 FF               [12]  501 	mov	r7,a
      0000E4 20 E2 0B         [24]  502 	jb	acc.2,00113$
      0000E7                        503 00109$:
                                    504 ;	preemptive.c:101: (current_thread == 3 && (valid_thread & 0x08))) {
      0000E7 74 03            [12]  505 	mov	a,#0x03
      0000E9 B5 34 D3         [24]  506 	cjne	a,_current_thread,00110$
      0000EC E5 35            [12]  507 	mov	a,_valid_thread
      0000EE FF               [12]  508 	mov	r7,a
      0000EF 30 E3 CD         [24]  509 	jnb	acc.3,00110$
                                    510 ;	preemptive.c:106: found:
      0000F2                        511 00113$:
                                    512 ;	preemptive.c:107: RESTORESTATE;
      0000F2 E5 34            [12]  513 	mov	a,_current_thread
      0000F4 24 30            [12]  514 	add	a, #_saved_SP
      0000F6 F9               [12]  515 	mov	r1,a
      0000F7 87 81            [24]  516 	mov	_SP,@r1
      0000F9 D0 D0            [24]  517 	POP PSW 
      0000FB D0 83            [24]  518 	POP DPH 
      0000FD D0 82            [24]  519 	POP DPL 
      0000FF D0 F0            [24]  520 	POP B 
      000101 D0 E0            [24]  521 	POP ACC 
                                    522 ;	preemptive.c:108: EA = 1;
                                    523 ;	assignBit
      000103 D2 AF            [12]  524 	setb	_EA
                                    525 ;	preemptive.c:109: }
      000105 22               [24]  526 	ret
                                    527 ;------------------------------------------------------------
                                    528 ;Allocation info for local variables in function 'ThreadExit'
                                    529 ;------------------------------------------------------------
                                    530 ;	preemptive.c:111: void ThreadExit(void)
                                    531 ;	-----------------------------------------
                                    532 ;	 function ThreadExit
                                    533 ;	-----------------------------------------
      000106                        534 _ThreadExit:
                                    535 ;	preemptive.c:122: }
      000106 D2*00            [12]  536 	setb	_ThreadExit_sloc0_1_0
      000108 10 AF 02         [24]  537 	jbc	ea,00127$
      00010B C2*00            [12]  538 	clr	_ThreadExit_sloc0_1_0
      00010D                        539 00127$:
                                    540 ;	preemptive.c:114: valid_thread &= ~(1 << current_thread);
      00010D 85 34 F0         [24]  541 	mov	b,_current_thread
      000110 05 F0            [12]  542 	inc	b
      000112 74 01            [12]  543 	mov	a,#0x01
      000114 80 02            [24]  544 	sjmp	00129$
      000116                        545 00128$:
      000116 25 E0            [12]  546 	add	a,acc
      000118                        547 00129$:
      000118 D5 F0 FB         [24]  548 	djnz	b,00128$
      00011B F4               [12]  549 	cpl	a
      00011C 52 35            [12]  550 	anl	_valid_thread,a
                                    551 ;	preemptive.c:116: do {
      00011E                        552 00104$:
                                    553 ;	preemptive.c:117: if (current_thread == 3) current_thread = 0;
      00011E 74 03            [12]  554 	mov	a,#0x03
      000120 B5 34 05         [24]  555 	cjne	a,_current_thread,00102$
      000123 75 34 00         [24]  556 	mov	_current_thread,#0x00
      000126 80 05            [24]  557 	sjmp	00105$
      000128                        558 00102$:
                                    559 ;	preemptive.c:118: else current_thread += 1;
      000128 E5 34            [12]  560 	mov	a,_current_thread
      00012A 04               [12]  561 	inc	a
      00012B F5 34            [12]  562 	mov	_current_thread,a
      00012D                        563 00105$:
                                    564 ;	preemptive.c:119: } while (!(valid_thread & (1 << current_thread)));
      00012D 85 34 F0         [24]  565 	mov	b,_current_thread
      000130 05 F0            [12]  566 	inc	b
      000132 7E 01            [12]  567 	mov	r6,#0x01
      000134 7F 00            [12]  568 	mov	r7,#0x00
      000136 80 06            [24]  569 	sjmp	00133$
      000138                        570 00132$:
      000138 EE               [12]  571 	mov	a,r6
      000139 2E               [12]  572 	add	a,r6
      00013A FE               [12]  573 	mov	r6,a
      00013B EF               [12]  574 	mov	a,r7
      00013C 33               [12]  575 	rlc	a
      00013D FF               [12]  576 	mov	r7,a
      00013E                        577 00133$:
      00013E D5 F0 F7         [24]  578 	djnz	b,00132$
      000141 AC 35            [24]  579 	mov	r4,_valid_thread
      000143 7D 00            [12]  580 	mov	r5,#0x00
      000145 EC               [12]  581 	mov	a,r4
      000146 52 06            [12]  582 	anl	ar6,a
      000148 ED               [12]  583 	mov	a,r5
      000149 52 07            [12]  584 	anl	ar7,a
      00014B EE               [12]  585 	mov	a,r6
      00014C 4F               [12]  586 	orl	a,r7
      00014D 60 CF            [24]  587 	jz	00104$
                                    588 ;	preemptive.c:121: RESTORESTATE;
      00014F E5 34            [12]  589 	mov	a,_current_thread
      000151 24 30            [12]  590 	add	a, #_saved_SP
      000153 F9               [12]  591 	mov	r1,a
      000154 87 81            [24]  592 	mov	_SP,@r1
      000156 D0 D0            [24]  593 	POP PSW 
      000158 D0 83            [24]  594 	POP DPH 
      00015A D0 82            [24]  595 	POP DPL 
      00015C D0 F0            [24]  596 	POP B 
      00015E D0 E0            [24]  597 	POP ACC 
      000160 A2*00            [12]  598 	mov	c,_ThreadExit_sloc0_1_0
      000162 92 AF            [24]  599 	mov	ea,c
                                    600 ;	preemptive.c:123: }
      000164 22               [24]  601 	ret
                                    602 ;------------------------------------------------------------
                                    603 ;Allocation info for local variables in function 'myTimer0Handler'
                                    604 ;------------------------------------------------------------
                                    605 ;	preemptive.c:125: void myTimer0Handler(void) 
                                    606 ;	-----------------------------------------
                                    607 ;	 function myTimer0Handler
                                    608 ;	-----------------------------------------
      000165                        609 _myTimer0Handler:
                                    610 ;	preemptive.c:127: EA = 0;
                                    611 ;	assignBit
      000165 C2 AF            [12]  612 	clr	_EA
                                    613 ;	preemptive.c:128: SAVESTATE;
      000167 C0 E0            [24]  614 	PUSH ACC 
      000169 C0 F0            [24]  615 	PUSH B 
      00016B C0 82            [24]  616 	PUSH DPL 
      00016D C0 83            [24]  617 	PUSH DPH 
      00016F C0 D0            [24]  618 	PUSH PSW 
      000171 E5 34            [12]  619 	mov	a,_current_thread
      000173 24 30            [12]  620 	add	a, #_saved_SP
      000175 F8               [12]  621 	mov	r0,a
      000176 A6 81            [24]  622 	mov	@r0,_SP
                                    623 ;	preemptive.c:129: do{
      000178                        624 00110$:
                                    625 ;	preemptive.c:130: current_thread = (current_thread + 1) & 3;
      000178 AF 34            [24]  626 	mov	r7,_current_thread
      00017A 0F               [12]  627 	inc	r7
      00017B 74 03            [12]  628 	mov	a,#0x03
      00017D 5F               [12]  629 	anl	a,r7
      00017E F5 34            [12]  630 	mov	_current_thread,a
                                    631 ;	preemptive.c:132: if ((current_thread == 0 && (valid_thread & 0x01)) ||
      000180 E5 34            [12]  632 	mov	a,_current_thread
      000182 70 06            [24]  633 	jnz	00105$
      000184 E5 35            [12]  634 	mov	a,_valid_thread
      000186 FF               [12]  635 	mov	r7,a
      000187 20 E0 21         [24]  636 	jb	acc.0,00113$
      00018A                        637 00105$:
                                    638 ;	preemptive.c:133: (current_thread == 1 && (valid_thread & 0x02)) ||
      00018A 74 01            [12]  639 	mov	a,#0x01
      00018C B5 34 06         [24]  640 	cjne	a,_current_thread,00107$
      00018F E5 35            [12]  641 	mov	a,_valid_thread
      000191 FF               [12]  642 	mov	r7,a
      000192 20 E1 16         [24]  643 	jb	acc.1,00113$
      000195                        644 00107$:
                                    645 ;	preemptive.c:134: (current_thread == 2 && (valid_thread & 0x04)) ||
      000195 74 02            [12]  646 	mov	a,#0x02
      000197 B5 34 06         [24]  647 	cjne	a,_current_thread,00109$
      00019A E5 35            [12]  648 	mov	a,_valid_thread
      00019C FF               [12]  649 	mov	r7,a
      00019D 20 E2 0B         [24]  650 	jb	acc.2,00113$
      0001A0                        651 00109$:
                                    652 ;	preemptive.c:135: (current_thread == 3 && (valid_thread & 0x08))) {
      0001A0 74 03            [12]  653 	mov	a,#0x03
      0001A2 B5 34 D3         [24]  654 	cjne	a,_current_thread,00110$
      0001A5 E5 35            [12]  655 	mov	a,_valid_thread
      0001A7 FF               [12]  656 	mov	r7,a
      0001A8 30 E3 CD         [24]  657 	jnb	acc.3,00110$
                                    658 ;	preemptive.c:140: found:
      0001AB                        659 00113$:
                                    660 ;	preemptive.c:141: TH0 = (reload_time << 4);
      0001AB E5 38            [12]  661 	mov	a,_reload_time
      0001AD C4               [12]  662 	swap	a
      0001AE 54 F0            [12]  663 	anl	a,#0xf0
      0001B0 F5 8C            [12]  664 	mov	_TH0,a
                                    665 ;	preemptive.c:142: EA = 1;
                                    666 ;	assignBit
      0001B2 D2 AF            [12]  667 	setb	_EA
                                    668 ;	preemptive.c:143: RESTORESTATE;
      0001B4 E5 34            [12]  669 	mov	a,_current_thread
      0001B6 24 30            [12]  670 	add	a, #_saved_SP
      0001B8 F9               [12]  671 	mov	r1,a
      0001B9 87 81            [24]  672 	mov	_SP,@r1
      0001BB D0 D0            [24]  673 	POP PSW 
      0001BD D0 83            [24]  674 	POP DPH 
      0001BF D0 82            [24]  675 	POP DPL 
      0001C1 D0 F0            [24]  676 	POP B 
      0001C3 D0 E0            [24]  677 	POP ACC 
                                    678 ;	preemptive.c:147: __endasm;
      0001C5 32               [24]  679 	RETI
                                    680 ;	preemptive.c:148: }
      0001C6 22               [24]  681 	ret
                                    682 	.area CSEG    (CODE)
                                    683 	.area CONST   (CODE)
                                    684 	.area XINIT   (CODE)
                                    685 	.area CABS    (ABS,CODE)
